// Jest Snapshot v1, https://goo.gl/fbAQLP

exports[`Footer tests should match the snapshot 1`] = `ReactWrapper {}`;
