// Jest Snapshot v1, https://goo.gl/fbAQLP

exports[`Navbar tests should match the snapshot 1`] = `ReactWrapper {}`;
